[2026-09-04 07:28:34] SPPAjax Response: status=error, action=unknown
[2026-09-04 07:28:43] API Response: success=true, action=none
[2026-09-04 07:29:03] API Response: success=true, action=none
[2026-09-04 07:29:03] API Response: success=true, action=none
[2026-09-04 07:29:04] API Response: success=false, action=none
[2026-09-04 07:29:04] API Response: success=false, action=none
[2026-09-04 07:29:05] API Response: success=false, action=none
[2026-09-04 07:29:05] API Response: success=true, action=none
[2026-09-04 07:29:05] API Response: success=true, action=none
[2026-09-04 07:29:06] API Response: success=false, action=none
[2026-09-04 07:29:55] API Response: success=true, action=none
[2026-09-04 07:29:55] API Response: success=true, action=none
[2026-09-04 07:29:56] API Response: success=true, action=none
[2026-09-04 07:29:56] API Response: success=true, action=none
[2026-09-04 07:29:57] API Response: success=true, action=none
[2026-09-04 07:29:57] API Response: success=true, action=none
[2026-09-04 07:29:58] API Response: success=true, action=none
[2026-09-04 07:30:02] API Response: success=true, action=none
[2026-09-04 07:30:22] API Response: success=true, action=none
[2026-09-04 05:37:34] SPPAjax Response: status=ok, action=login
[2026-09-04 05:37:37] API Response: success=true, action=list_apps
[2026-09-04 05:37:37] API Response: success=true, action=diagnostics_health
[2026-09-04 05:37:37] API Response: success=true, action=list_apps
[2026-09-04 05:37:38] API Response: success=true, action=list_entities
[2026-09-04 05:37:40] SPPAjax Response: status=error, action=get_profile
[2026-09-04 05:37:41] SPPAjax Response: status=ok, action=list_audit_logs
[2026-09-04 05:37:41] SPPAjax Response: status=ok, action=get_admin_permissions
[2026-09-04 05:37:42] API Response: success=true, action=list_modules
[2026-09-04 10:11:17] API Response: success=true, action=none
[2026-09-04 10:11:18] API Response: success=true, action=none
[2026-09-04 10:11:18] API Response: success=true, action=none
[2026-09-04 10:11:19] API Response: success=true, action=none
[2026-09-04 10:11:19] API Response: success=true, action=none
[2026-09-04 10:11:20] API Response: success=true, action=none
[2026-09-04 10:11:20] API Response: success=true, action=none
[2026-09-04 10:11:26] API Response: success=true, action=none
[2026-09-04 10:11:26] API Response: success=true, action=none
[2026-09-04 10:11:27] API Response: success=true, action=none
[2026-09-04 10:11:27] API Response: success=true, action=none
[2026-09-04 10:11:57] API Response: success=true, action=none
[2026-09-04 10:11:58] API Response: success=true, action=none
[2026-09-04 10:11:58] API Response: success=true, action=none
[2026-09-04 10:11:59] API Response: success=true, action=none
[2026-09-04 10:12:00] API Response: success=true, action=none
[2026-09-04 10:12:00] API Response: success=true, action=none
[2026-09-04 10:12:01] API Response: success=true, action=none
[2026-09-04 10:12:06] API Response: success=true, action=none
[2026-09-04 10:12:06] API Response: success=true, action=none
[2026-09-04 10:12:06] API Response: success=true, action=none
[2026-09-04 10:12:07] API Response: success=true, action=none
[2026-09-04 10:12:08] API Response: success=true, action=none
[2026-09-04 10:12:08] API Response: success=true, action=none
[2026-09-04 10:12:09] API Response: success=true, action=none
[2026-09-04 10:12:10] API Response: success=true, action=none
[2026-09-04 10:12:11] API Response: success=true, action=none
[2026-09-04 10:12:11] API Response: success=true, action=none
[2026-09-04 10:12:12] API Response: success=true, action=none
[2026-09-04 10:12:17] API Response: success=true, action=none
[2026-09-04 10:12:18] API Response: success=true, action=none
[2026-09-04 10:12:18] API Response: success=true, action=none
[2026-09-04 10:12:19] API Response: success=true, action=none
[2026-09-04 08:13:53] API Response: success=false, action=check_auth
[2026-09-04 08:14:17] SPPAjax Response: status=ok, action=login
[2026-09-04 08:14:20] API Response: success=true, action=list_apps
[2026-09-04 08:14:20] API Response: success=true, action=get_profile
[2026-09-04 08:14:28] SPPAjax Response: status=ok, action=get_admin_permissions
[2026-09-04 08:14:31] API Response: success=true, action=diagnostics_health
[2026-09-04 08:14:32] API Response: success=true, action=list_apps
[2026-09-04 08:14:32] API Response: success=true, action=list_entities
[2026-09-04 08:14:36] SPPAjax Response: status=ok, action=list_audit_logs
[2026-09-04 08:14:39] API Response: success=true, action=list_modules
[2026-09-04 08:15:16] API Response: success=true, action=list_apps
[2026-09-04 08:15:19] API Response: success=false, action=execute_command
[2026-09-04 08:15:20] SPPAjax Response: status=ok, action=get_parikshak_trace
[2026-09-04 08:15:20] SPPAjax Response: status=ok, action=get_event_trace
[2026-09-04 08:15:24] API Response: success=true, action=get_global_settings
[2026-09-04 10:19:57] API Response: success=true, action=none
[2026-09-04 10:19:57] API Response: success=true, action=none
[2026-09-04 10:19:58] API Response: success=true, action=none
[2026-09-04 10:19:59] API Response: success=true, action=none
[2026-09-04 10:19:59] API Response: success=true, action=none
[2026-09-04 10:20:00] API Response: success=true, action=none
[2026-09-04 10:20:00] API Response: success=true, action=none
[2026-09-04 10:20:06] API Response: success=true, action=none
[2026-09-04 10:20:06] API Response: success=true, action=none
[2026-09-04 10:20:07] API Response: success=true, action=none
[2026-09-04 10:20:07] API Response: success=true, action=none
[2026-09-04 10:20:08] API Response: success=true, action=none
[2026-09-04 10:20:08] API Response: success=true, action=none
[2026-09-04 10:20:09] API Response: success=true, action=none
[2026-09-04 10:20:09] API Response: success=true, action=none
[2026-09-04 10:20:10] API Response: success=true, action=none
[2026-09-04 10:20:10] API Response: success=true, action=none
[2026-09-04 10:20:11] API Response: success=true, action=none
[2026-09-04 10:20:16] API Response: success=true, action=none
[2026-09-04 10:20:16] API Response: success=true, action=none
[2026-09-04 10:20:17] API Response: success=true, action=none
[2026-09-04 10:20:17] API Response: success=true, action=none
[2026-09-04 08:22:09] API Response: success=false, action=check_auth
[2026-09-04 08:22:28] SPPAjax Response: status=ok, action=login
[2026-09-04 08:22:31] API Response: success=true, action=diagnostics_health
[2026-09-04 08:22:31] API Response: success=true, action=list_apps
[2026-09-04 08:22:31] API Response: success=true, action=get_profile
[2026-09-04 08:22:32] API Response: success=true, action=list_apps
[2026-09-04 08:22:32] API Response: success=true, action=list_entities
[2026-09-04 08:22:35] SPPAjax Response: status=ok, action=get_admin_permissions
[2026-09-04 08:22:35] SPPAjax Response: status=ok, action=list_audit_logs
[2026-09-04 08:22:38] API Response: success=true, action=list_modules
[2026-09-04 08:22:59] API Response: success=true, action=list_apps
[2026-09-04 08:23:01] SPPAjax Response: status=ok, action=get_event_trace
[2026-09-04 08:23:02] API Response: success=true, action=execute_command
[2026-09-04 08:23:03] SPPAjax Response: status=ok, action=get_parikshak_trace
[2026-09-04 08:23:06] API Response: success=true, action=get_global_settings
[2026-09-04 10:26:02] API Response: success=true, action=none
[2026-09-04 10:26:03] API Response: success=true, action=none
[2026-09-04 10:26:04] API Response: success=true, action=none
[2026-09-04 10:26:04] API Response: success=true, action=none
[2026-09-04 10:26:05] API Response: success=true, action=none
[2026-09-04 10:26:06] API Response: success=true, action=none
[2026-09-04 10:26:06] API Response: success=true, action=none
[2026-09-04 10:26:11] API Response: success=true, action=none
[2026-09-04 10:26:12] API Response: success=true, action=none
[2026-09-04 10:26:12] API Response: success=true, action=none
[2026-09-04 10:26:13] API Response: success=true, action=none
[2026-09-04 10:26:13] API Response: success=true, action=none
[2026-09-04 10:26:14] API Response: success=true, action=none
[2026-09-04 10:26:14] API Response: success=true, action=none
[2026-09-04 10:26:15] API Response: success=true, action=none
[2026-09-04 10:26:16] API Response: success=true, action=none
[2026-09-04 10:26:17] API Response: success=true, action=none
[2026-09-04 10:26:17] API Response: success=true, action=none
[2026-09-04 10:26:18] API Response: success=true, action=none
[2026-09-04 10:26:23] API Response: success=true, action=none
[2026-09-04 10:26:23] API Response: success=true, action=none
[2026-09-04 10:26:24] API Response: success=true, action=none
[2026-09-04 10:26:24] API Response: success=true, action=none
[2026-09-04 10:26:25] API Response: success=true, action=none
[2026-09-04 08:27:10] API Response: success=true, action=check_auth
[2026-09-04 08:27:13] API Response: success=true, action=list_apps
[2026-09-04 08:27:13] API Response: success=true, action=get_profile
[2026-09-04 08:27:21] SPPAjax Response: status=ok, action=get_admin_permissions
[2026-09-04 08:27:23] API Response: success=true, action=list_apps
[2026-09-04 08:27:25] SPPAjax Response: status=ok, action=get_event_trace
[2026-09-04 08:27:25] SPPAjax Response: status=ok, action=get_parikshak_trace
[2026-09-04 08:27:27] API Response: success=true, action=execute_command
[2026-09-04 08:27:31] API Response: success=true, action=get_global_settings
[2026-09-04 08:27:52] SPPAjax Response: status=ok, action=get_event_trace
[2026-09-04 08:27:52] SPPAjax Response: status=ok, action=get_parikshak_trace
[2026-09-04 10:30:33] SPPAjax Response: status=ok, action=unknown
[2026-09-04 10:33:51] API Response: success=true, action=none
[2026-09-04 10:33:57] SPPAjax Response: status=ok, action=unknown
[2026-09-04 10:34:03] SPPAjax Response: status=ok, action=unknown
[2026-09-04 10:36:28] SPPAjax Response: status=ok, action=unknown
[2026-09-04 10:36:29] SPPAjax Response: status=ok, action=unknown
[2026-09-04 10:37:10] SPPAjax Response: status=ok, action=unknown
[2026-09-04 10:37:28] SPPAjax Response: status=ok, action=unknown
[2026-09-04 10:37:31] SPPAjax Response: status=ok, action=unknown
[2026-09-04 10:37:33] API Response: success=false, action=none
[2026-09-04 10:37:41] API Response: success=false, action=none
[2026-09-04 10:38:41] SPPAjax Response: status=ok, action=unknown
[2026-09-04 10:40:20] API Response: success=true, action=none
[2026-09-04 10:40:20] API Response: success=true, action=none
[2026-09-04 10:40:21] API Response: success=true, action=none
[2026-09-04 10:40:21] API Response: success=true, action=none
[2026-09-04 10:40:22] API Response: success=true, action=none
[2026-09-04 10:40:22] API Response: success=true, action=none
[2026-09-04 10:40:22] API Response: success=true, action=none
[2026-09-04 10:40:26] API Response: success=true, action=none
[2026-09-04 10:40:27] API Response: success=true, action=none
[2026-09-04 10:40:27] API Response: success=true, action=none
[2026-09-04 10:40:27] API Response: success=true, action=none
[2026-09-04 10:40:28] SPPAjax Response: status=ok, action=unknown
[2026-09-04 10:40:28] SPPAjax Response: status=ok, action=unknown
[2026-09-04 10:40:29] SPPAjax Response: status=ok, action=unknown
[2026-09-04 10:40:51] SPPAjax Response: status=ok, action=unknown
[2026-09-04 10:40:52] API Response: success=true, action=none
[2026-09-04 10:40:52] API Response: success=true, action=none
[2026-09-04 10:40:53] API Response: success=true, action=none
[2026-09-04 10:40:53] API Response: success=true, action=none
[2026-09-04 10:40:54] API Response: success=true, action=none
[2026-09-04 10:40:54] API Response: success=true, action=none
[2026-09-04 10:40:54] API Response: success=true, action=none
[2026-09-04 10:40:55] API Response: success=true, action=none
[2026-09-04 10:40:59] API Response: success=true, action=none
[2026-09-04 10:40:59] API Response: success=true, action=none
[2026-09-04 10:41:00] API Response: success=true, action=none
[2026-09-04 10:41:00] API Response: success=true, action=none
[2026-09-04 10:41:00] SPPAjax Response: status=ok, action=unknown
[2026-09-04 10:41:01] SPPAjax Response: status=ok, action=unknown
[2026-09-04 10:41:02] SPPAjax Response: status=ok, action=unknown
[2026-09-04 10:41:26] SPPAjax Response: status=ok, action=unknown
[2026-09-04 10:41:27] API Response: success=true, action=none
[2026-09-04 11:02:26] API Response: success=true, action=none
[2026-09-04 11:02:26] API Response: success=true, action=none
[2026-09-04 11:02:27] API Response: success=true, action=none
[2026-09-04 11:02:27] API Response: success=true, action=none
[2026-09-04 11:02:28] API Response: success=true, action=none
[2026-09-04 11:02:28] API Response: success=true, action=none
[2026-09-04 11:02:29] API Response: success=true, action=none
[2026-09-04 11:02:34] API Response: success=true, action=none
[2026-09-04 11:02:34] API Response: success=true, action=none
[2026-09-04 11:02:34] API Response: success=true, action=none
[2026-09-04 11:02:35] API Response: success=true, action=none
[2026-09-04 11:02:35] SPPAjax Response: status=ok, action=unknown
[2026-09-04 11:02:36] SPPAjax Response: status=ok, action=unknown
[2026-09-04 11:02:36] SPPAjax Response: status=ok, action=unknown
[2026-09-04 11:02:56] SPPAjax Response: status=ok, action=unknown
[2026-09-04 11:02:57] API Response: success=true, action=none
[2026-09-04 11:02:57] API Response: success=true, action=none
[2026-09-04 11:02:58] API Response: success=true, action=none
[2026-09-04 11:02:59] API Response: success=true, action=none
[2026-09-04 11:02:59] API Response: success=true, action=none
[2026-09-04 11:03:00] API Response: success=true, action=none
[2026-09-04 11:03:00] API Response: success=true, action=none
[2026-09-04 11:03:01] API Response: success=true, action=none
[2026-09-04 11:03:06] API Response: success=true, action=none
[2026-09-04 11:03:07] API Response: success=true, action=none
[2026-09-04 11:03:07] API Response: success=true, action=none
[2026-09-04 11:03:08] API Response: success=true, action=none
[2026-09-04 11:03:08] SPPAjax Response: status=ok, action=unknown
[2026-09-04 11:03:09] SPPAjax Response: status=ok, action=unknown
[2026-09-04 11:03:10] SPPAjax Response: status=ok, action=unknown
[2026-09-04 11:03:33] SPPAjax Response: status=ok, action=unknown
[2026-09-04 11:03:34] API Response: success=true, action=none
[2026-09-04 11:06:34] API Response: success=true, action=none
[2026-09-04 11:06:34] API Response: success=true, action=none
[2026-09-04 11:06:35] API Response: success=true, action=none
[2026-09-04 11:06:35] API Response: success=true, action=none
[2026-09-04 11:06:36] API Response: success=true, action=none
[2026-09-04 11:06:36] API Response: success=true, action=none
[2026-09-04 11:06:36] API Response: success=true, action=none
[2026-09-04 11:06:40] API Response: success=true, action=none
[2026-09-04 11:06:41] API Response: success=true, action=none
[2026-09-04 11:06:41] API Response: success=true, action=none
[2026-09-04 11:06:41] API Response: success=true, action=none
[2026-09-04 11:06:42] SPPAjax Response: status=ok, action=unknown
[2026-09-04 11:06:42] SPPAjax Response: status=ok, action=unknown
[2026-09-04 11:06:43] SPPAjax Response: status=ok, action=unknown
[2026-09-04 11:07:00] SPPAjax Response: status=ok, action=unknown
[2026-09-04 11:07:01] API Response: success=true, action=none
[2026-09-04 11:07:01] API Response: success=true, action=none
[2026-09-04 11:07:02] API Response: success=true, action=none
[2026-09-04 11:07:02] API Response: success=true, action=none
[2026-09-04 11:07:03] API Response: success=true, action=none
[2026-09-04 11:07:04] API Response: success=true, action=none
[2026-09-04 11:07:04] API Response: success=true, action=none
[2026-09-04 11:07:05] API Response: success=true, action=none
[2026-09-04 11:07:10] API Response: success=true, action=none
[2026-09-04 11:07:10] API Response: success=true, action=none
[2026-09-04 11:07:10] API Response: success=true, action=none
[2026-09-04 11:07:11] API Response: success=true, action=none
[2026-09-04 11:07:12] SPPAjax Response: status=ok, action=unknown
[2026-09-04 11:07:12] SPPAjax Response: status=ok, action=unknown
[2026-09-04 11:07:13] SPPAjax Response: status=ok, action=unknown
[2026-09-04 11:07:34] SPPAjax Response: status=ok, action=unknown
[2026-09-04 11:07:35] API Response: success=true, action=none
[2026-09-04 09:16:36] API Response: success=true, action=check_auth
[2026-09-04 09:16:37] API Response: success=true, action=get_profile
[2026-09-04 09:16:37] API Response: success=true, action=list_apps
[2026-09-04 09:16:41] SPPAjax Response: status=ok, action=get_admin_permissions
[2026-09-04 09:16:44] API Response: success=true, action=list_apps
[2026-09-04 09:16:44] API Response: success=true, action=diagnostics_health
[2026-09-04 09:16:44] API Response: success=true, action=list_entities
[2026-09-04 09:16:46] SPPAjax Response: status=ok, action=list_audit_logs
[2026-09-04 09:16:48] API Response: success=true, action=list_modules
[2026-09-04 09:17:08] API Response: success=true, action=list_groups
[2026-09-04 09:17:50] API Response: success=true, action=list_entities
[2026-09-04 09:17:50] API Response: success=true, action=list_entities
[2026-09-04 09:17:56] SPPAjax Response: status=ok, action=get_builder_context
[2026-09-04 09:17:56] SPPAjax Response: status=ok, action=get_builder_context
[2026-09-04 09:18:19] API Response: success=true, action=list_apps
[2026-09-04 09:18:22] API Response: success=true, action=list_modules
[2026-09-04 09:19:45] API Response: success=true, action=list_apps
[2026-09-04 09:19:49] SPPAjax Response: status=ok, action=get_event_trace
[2026-09-04 09:19:49] SPPAjax Response: status=ok, action=get_parikshak_trace
[2026-09-04 09:19:49] API Response: success=true, action=execute_command
[2026-09-04 09:19:52] API Response: success=true, action=get_global_settings
[2026-09-04 09:21:21] API Response: success=true, action=list_commands
[2026-09-04 09:22:13] API Response: success=true, action=get_command_ui
[2026-09-04 11:24:25] API Response: success=true, action=none
[2026-09-04 11:24:26] API Response: success=true, action=none
[2026-09-04 11:24:27] API Response: success=true, action=none
[2026-09-04 11:24:28] API Response: success=true, action=none
[2026-09-04 11:24:28] API Response: success=true, action=none
[2026-09-04 11:24:29] API Response: success=true, action=none
[2026-09-04 11:24:29] API Response: success=true, action=none
[2026-09-04 11:24:34] API Response: success=true, action=none
[2026-09-04 11:24:34] API Response: success=true, action=none
[2026-09-04 11:24:35] API Response: success=true, action=none
[2026-09-04 11:24:35] API Response: success=true, action=none
[2026-09-04 11:24:36] SPPAjax Response: status=ok, action=unknown
[2026-09-04 11:24:36] SPPAjax Response: status=ok, action=unknown
[2026-09-04 11:24:37] SPPAjax Response: status=ok, action=unknown
[2026-09-04 11:24:57] SPPAjax Response: status=ok, action=unknown
[2026-09-04 11:24:58] API Response: success=true, action=none
[2026-09-04 11:24:59] API Response: success=true, action=none
[2026-09-04 11:24:59] API Response: success=true, action=none
[2026-09-04 11:25:00] API Response: success=true, action=none
[2026-09-04 11:25:01] API Response: success=true, action=none
[2026-09-04 11:25:01] API Response: success=true, action=none
[2026-09-04 11:25:02] API Response: success=true, action=none
[2026-09-04 11:25:02] API Response: success=true, action=none
[2026-09-04 11:25:08] API Response: success=true, action=none
[2026-09-04 11:25:08] API Response: success=true, action=none
[2026-09-04 11:25:08] API Response: success=true, action=none
[2026-09-04 11:25:09] API Response: success=true, action=none
[2026-09-04 11:25:09] SPPAjax Response: status=ok, action=unknown
[2026-09-04 11:25:10] SPPAjax Response: status=ok, action=unknown
[2026-09-04 11:25:10] SPPAjax Response: status=ok, action=unknown
[2026-09-04 11:25:36] SPPAjax Response: status=ok, action=unknown
[2026-09-04 11:25:37] API Response: success=true, action=none
[2026-09-04 15:14:44] API Response: success=true, action=none
[2026-09-04 15:14:44] API Response: success=true, action=none
[2026-09-04 15:14:45] API Response: success=true, action=none
[2026-09-04 15:14:46] API Response: success=true, action=none
[2026-09-04 15:14:46] API Response: success=true, action=none
[2026-09-04 15:14:47] API Response: success=true, action=none
[2026-09-04 15:14:47] API Response: success=true, action=none
[2026-09-04 15:14:53] API Response: success=true, action=none
[2026-09-04 15:14:53] API Response: success=true, action=none
[2026-09-04 15:14:54] API Response: success=true, action=none
[2026-09-04 15:14:54] API Response: success=true, action=none
[2026-09-04 15:14:54] SPPAjax Response: status=ok, action=unknown
[2026-09-04 15:14:55] API Response: success=true, action=none
[2026-09-04 15:14:55] API Response: success=true, action=none
[2026-09-04 15:15:15] API Response: success=true, action=none
[2026-09-04 15:15:16] API Response: success=true, action=none
[2026-09-04 15:15:16] API Response: success=true, action=none
[2026-09-04 15:15:17] API Response: success=true, action=none
[2026-09-04 15:15:18] API Response: success=true, action=none
[2026-09-04 15:15:18] API Response: success=true, action=none
[2026-09-04 15:15:19] API Response: success=true, action=none
[2026-09-04 15:15:19] API Response: success=true, action=none
[2026-09-04 15:15:20] API Response: success=true, action=none
[2026-09-04 15:15:25] API Response: success=true, action=none
[2026-09-04 15:15:25] API Response: success=true, action=none
[2026-09-04 15:15:26] API Response: success=true, action=none
[2026-09-04 15:15:26] API Response: success=true, action=none
[2026-09-04 15:15:27] SPPAjax Response: status=ok, action=unknown
[2026-09-04 15:15:27] API Response: success=true, action=none
[2026-09-04 15:15:28] API Response: success=true, action=none
[2026-09-04 15:15:52] API Response: success=true, action=none
[2026-09-04 15:15:52] API Response: success=true, action=none
[2026-09-04 15:50:34] API Response: success=true, action=none
[2026-09-04 15:50:34] API Response: success=true, action=none
[2026-09-04 15:50:35] API Response: success=true, action=none
[2026-09-04 15:50:35] API Response: success=true, action=none
[2026-09-04 15:50:36] API Response: success=true, action=none
[2026-09-04 15:50:36] API Response: success=true, action=none
[2026-09-04 15:50:37] API Response: success=true, action=none
[2026-09-04 15:50:41] API Response: success=true, action=none
[2026-09-04 15:50:41] API Response: success=true, action=none
[2026-09-04 15:50:42] API Response: success=true, action=none
[2026-09-04 15:50:42] API Response: success=true, action=none
[2026-09-04 15:50:43] SPPAjax Response: status=ok, action=unknown
[2026-09-04 15:50:43] API Response: success=true, action=none
[2026-09-04 15:50:44] API Response: success=true, action=none
[2026-09-04 15:51:09] API Response: success=true, action=none
[2026-09-04 15:51:09] API Response: success=true, action=none
[2026-09-04 15:51:10] API Response: success=true, action=none
[2026-09-04 15:51:11] API Response: success=true, action=none
[2026-09-04 15:51:11] API Response: success=true, action=none
[2026-09-04 15:51:12] API Response: success=true, action=none
[2026-09-04 15:51:13] API Response: success=true, action=none
[2026-09-04 15:51:14] API Response: success=true, action=none
[2026-09-04 15:51:14] API Response: success=true, action=none
[2026-09-04 15:51:20] API Response: success=true, action=none
[2026-09-04 15:51:20] API Response: success=true, action=none
[2026-09-04 15:51:21] API Response: success=true, action=none
[2026-09-04 15:51:21] API Response: success=true, action=none
[2026-09-04 15:51:21] SPPAjax Response: status=ok, action=unknown
[2026-09-04 15:51:22] API Response: success=true, action=none
[2026-09-04 15:51:22] API Response: success=true, action=none
[2026-09-04 15:51:41] API Response: success=true, action=none
[2026-09-04 15:51:42] API Response: success=true, action=none
[2026-09-04 16:24:53] API Response: success=false, action=check_auth
[2026-09-04 16:25:23] SPPAjax Response: status=error, action=login
[2026-09-04 16:26:13] SPPAjax Response: status=error, action=login
[2026-09-04 16:26:38] SPPAjax Response: status=error, action=login
[2026-09-05 00:04:48] SPPAjax Response: status=ok, action=login
[2026-09-05 00:07:52] API Response: success=true, action=login
[2026-09-05 00:07:58] API Response: success=false, action=login
[2026-09-05 00:08:06] API Response: success=true, action=login
[2026-09-05 00:08:17] API Response: success=true, action=login
[2026-09-05 00:08:24] API Response: success=true, action=check_auth
[2026-09-05 00:08:29] API Response: success=true, action=get_profile
[2026-09-05 00:10:29] API Response: success=true, action=login
[2026-09-05 00:10:35] API Response: success=true, action=login
[2026-09-05 00:13:04] API Response: success=false, action=check_auth
[2026-09-05 00:13:15] API Response: success=true, action=login
[2026-09-05 00:13:17] API Response: success=true, action=list_apps
[2026-09-05 00:13:17] API Response: success=true, action=diagnostics_health
[2026-09-05 00:13:17] API Response: success=true, action=list_apps
[2026-09-05 00:13:17] API Response: success=true, action=get_profile
[2026-09-05 00:13:19] API Response: success=true, action=list_entities
[2026-09-05 00:13:20] SPPAjax Response: status=ok, action=get_admin_permissions
[2026-09-05 00:13:20] SPPAjax Response: status=ok, action=list_audit_logs
[2026-09-05 00:13:22] API Response: success=true, action=list_modules
[2026-09-05 00:14:08] API Response: success=true, action=list_groups
[2026-09-05 00:14:33] API Response: success=true, action=list_entities
[2026-09-05 00:14:33] API Response: success=true, action=list_entities
[2026-09-05 00:14:49] SPPAjax Response: status=ok, action=get_builder_context
[2026-09-05 00:14:49] SPPAjax Response: status=ok, action=get_builder_context
[2026-09-05 00:16:08] API Response: success=true, action=check_auth
[2026-09-05 00:16:10] API Response: success=true, action=list_apps
[2026-09-05 00:16:10] API Response: success=true, action=get_profile
[2026-09-05 00:16:13] API Response: success=true, action=check_auth
[2026-09-05 00:16:15] API Response: success=true, action=list_apps
[2026-09-05 00:16:15] API Response: success=true, action=get_profile
[2026-09-05 00:16:18] SPPAjax Response: status=ok, action=get_admin_permissions
[2026-09-05 00:16:21] API Response: success=true, action=diagnostics_health
[2026-09-05 00:16:21] API Response: success=true, action=list_entities
[2026-09-05 00:16:21] API Response: success=true, action=list_apps
[2026-09-05 00:16:23] SPPAjax Response: status=ok, action=list_audit_logs
[2026-09-05 00:16:23] API Response: success=false, action=list_audit_logs
[2026-09-05 00:16:25] API Response: success=true, action=list_modules
[2026-09-05 00:16:40] API Response: success=true, action=editor_get_completions
[2026-09-05 00:16:40] API Response: success=true, action=editor_get_completions
[2026-09-05 00:16:43] API Response: success=true, action=editor_list_files
[2026-09-05 00:16:43] API Response: success=true, action=editor_list_files
[2026-09-05 00:16:55] API Response: success=true, action=editor_read_file
[2026-09-05 00:17:12] API Response: success=true, action=list_apps
[2026-09-05 00:17:12] API Response: success=true, action=list_apps
[2026-09-05 00:17:16] API Response: success=true, action=list_modules
[2026-09-05 00:17:17] API Response: success=true, action=list_modules
[2026-09-05 00:17:57] API Response: success=true, action=list_entities
[2026-09-05 00:18:06] SPPAjax Response: status=ok, action=get_builder_context
[2026-09-05 00:18:35] SPPAjax Response: status=ok, action=list_forms
[2026-09-05 02:20:48] SPPAjax Response: status=ok, action=unknown
[2026-09-05 02:20:57] SPPAjax Response: status=ok, action=unknown
[2026-09-05 02:23:36] SPPAjax Response: status=ok, action=unknown
[2026-09-05 00:24:20] API Response: success=true, action=login
[2026-09-05 00:24:22] API Response: success=true, action=list_groups
[2026-09-05 00:24:25] API Response: success=true, action=list_group_members
[2026-09-05 00:24:29] SPPAjax Response: status=ok, action=search_entities
[2026-09-05 00:24:42] API Response: success=true, action=login
[2026-09-05 00:24:45] API Response: success=true, action=add_group_member
[2026-09-05 00:24:49] API Response: success=true, action=list_group_members
[2026-09-05 00:24:53] API Response: success=true, action=remove_group_member
[2026-09-05 00:24:57] API Response: success=true, action=list_group_members
[2026-09-05 00:29:00] API Response: success=true, action=check_auth
[2026-09-05 00:29:02] API Response: success=true, action=list_apps
[2026-09-05 00:29:02] API Response: success=true, action=get_profile
[2026-09-05 00:29:09] SPPAjax Response: status=ok, action=get_admin_permissions
[2026-09-05 00:29:13] API Response: success=true, action=list_groups
[2026-09-05 00:29:57] API Response: success=true, action=list_users
[2026-09-05 00:30:22] API Response: success=true, action=list_groups
[2026-09-06 05:23:01] API Response: success=false, action=check_auth
[2026-09-06 05:23:01] API Response: success=false, action=check_auth
[2026-09-07 12:29:50] API Response: success=false, action=check_auth
[2026-09-07 12:30:00] API Response: success=false, action=check_auth
