[2026-05-15 15:55:53] URI: /school1/lekhak/node/3, VIEW: landing-page, PATH: /mnt/c/projects/apache/school1/src/lekhak/resources/themes/premium/views/landing-page.blade.php, IS_ADMIN: NO
[2026-05-15 16:09:23] URI: /school1/lekhak/node/3, VIEW: landing-page, PATH: /mnt/c/projects/apache/school1/src/lekhak/resources/themes/premium/views/landing-page.blade.php, IS_ADMIN: NO
[2026-05-15 16:13:14] URI: /school1/lekhak/node/3, VIEW: landing-page, PATH: /mnt/c/projects/apache/school1/src/lekhak/resources/themes/premium/views/landing-page.blade.php, IS_ADMIN: NO
[2026-05-15 16:15:52] URI: /school1/lekhak/node/4, VIEW: landing-page, PATH: /mnt/c/projects/apache/school1/src/lekhak/resources/themes/premium/views/landing-page.blade.php, IS_ADMIN: NO
[2026-05-15 16:16:05] URI: /school1/lekhak/node/5, VIEW: landing-page, PATH: /mnt/c/projects/apache/school1/src/lekhak/resources/themes/premium/views/landing-page.blade.php, IS_ADMIN: NO
[2026-05-15 16:16:09] URI: /school1/lekhak/node/3?t=1778861644890, VIEW: landing-page, PATH: /mnt/c/projects/apache/school1/src/lekhak/resources/themes/premium/views/landing-page.blade.php, IS_ADMIN: NO
[2026-05-15 16:16:22] URI: /school1/lekhak/admin, VIEW: dashboard, PATH: /mnt/c/projects/apache/school1/src/lekhak/resources/themes/glass_admin/views/dashboard.blade.php, IS_ADMIN: YES
[2026-05-16 10:53:40] URI: /school1/lekhak/node/1, VIEW: 404, PATH: /mnt/c/projects/apache/school1/src/lekhak/resources/views/404.blade.php, IS_ADMIN: NO
[2026-05-17 10:26:10] URI: /school1/lekhak/admin/login, VIEW: login, PATH: /mnt/c/projects/apache/school1/src/lekhak/resources/views/login.blade.php, IS_ADMIN: NO
[2026-05-17 10:27:02] URI: /school1/lekhak/admin, VIEW: dashboard, PATH: /mnt/c/projects/apache/school1/src/lekhak/resources/themes/glass_admin/views/dashboard.blade.php, IS_ADMIN: YES
[2026-05-17 10:27:37] URI: /school1/lekhak/admin/content, VIEW: content, PATH: /mnt/c/projects/apache/school1/src/lekhak/resources/themes/glass_admin/views/content.blade.php, IS_ADMIN: YES
[2026-05-17 10:29:06] URI: /school1/lekhak/admin, VIEW: dashboard, PATH: /mnt/c/projects/apache/school1/src/lekhak/resources/themes/glass_admin/views/dashboard.blade.php, IS_ADMIN: YES
[2026-05-17 10:31:18] URI: /school1/lekhak/admin, VIEW: dashboard, PATH: /mnt/c/projects/apache/school1/src/lekhak/resources/themes/glass_admin/views/dashboard.blade.php, IS_ADMIN: YES
[2026-05-17 10:31:42] URI: /school1/lekhak/admin/landing, VIEW: landing/list, PATH: /mnt/c/projects/apache/school1/src/lekhak/resources/themes/glass_admin/views/landing/list.blade.php, IS_ADMIN: YES
[2026-05-17 10:34:26] URI: /school1/lekhak/admin/landing, VIEW: landing/list, PATH: /mnt/c/projects/apache/school1/src/lekhak/resources/themes/glass_admin/views/landing/list.blade.php, IS_ADMIN: YES
[2026-05-17 10:37:22] URI: /school1/lekhak/admin/landing, VIEW: landing/list, PATH: /mnt/c/projects/apache/school1/src/lekhak/resources/themes/glass_admin/views/landing/list.blade.php, IS_ADMIN: YES
[2026-05-17 10:51:16] URI: /school1/lekhak/admin/, VIEW: dashboard, PATH: /mnt/c/projects/apache/school1/src/lekhak/resources/themes/glass_admin/views/dashboard.blade.php, IS_ADMIN: YES
[2026-05-17 11:08:02] URI: /school1/lekhak/admin/, VIEW: dashboard, PATH: /mnt/c/projects/apache/school1/src/lekhak/resources/themes/glass_admin/views/dashboard.blade.php, IS_ADMIN: YES
[2026-05-17 11:09:45] URI: /school1/lekhak/admin/, VIEW: dashboard, PATH: /mnt/c/projects/apache/school1/src/lekhak/resources/themes/glass_admin/views/dashboard.blade.php, IS_ADMIN: YES
[2026-05-17 11:15:06] URI: /school1/lekhak/admin/landing, VIEW: landing/list, PATH: /mnt/c/projects/apache/school1/src/lekhak/resources/themes/glass_admin/views/landing/list.blade.php, IS_ADMIN: YES
[2026-05-17 11:24:34] URI: /school1/lekhak/admin/landing, VIEW: landing/list, PATH: /mnt/c/projects/apache/school1/src/lekhak/resources/themes/glass_admin/views/landing/list.blade.php, IS_ADMIN: YES
[2026-05-17 11:26:06] URI: /school1/lekhak/admin/, VIEW: dashboard, PATH: /mnt/c/projects/apache/school1/src/lekhak/resources/themes/glass_admin/views/dashboard.blade.php, IS_ADMIN: YES
[2026-05-17 11:28:53] URI: /school1/lekhak/admin, VIEW: dashboard, PATH: /mnt/c/projects/apache/school1/src/lekhak/resources/themes/glass_admin/views/dashboard.blade.php, IS_ADMIN: YES
[2026-05-17 15:34:11] URI: /school1/lekhak/admin/login, VIEW: login, PATH: /mnt/c/projects/apache/school1/src/lekhak/resources/views/login.blade.php, IS_ADMIN: NO
[2026-05-17 15:34:30] URI: /school1/lekhak/admin, VIEW: dashboard, PATH: /mnt/c/projects/apache/school1/src/lekhak/resources/themes/glass_admin/views/dashboard.blade.php, IS_ADMIN: YES
[2026-05-17 15:45:32] URI: /school1/, VIEW: index, PATH: /mnt/c/projects/apache/school1/src/lekhak/resources/views/index.blade.php, IS_ADMIN: NO
[2026-05-17 15:45:53] URI: /school1/index.php, VIEW: index, PATH: /mnt/c/projects/apache/school1/src/lekhak/resources/views/index.blade.php, IS_ADMIN: NO
[2026-05-17 15:46:32] URI: /school1/, VIEW: index, PATH: /mnt/c/projects/apache/school1/src/lekhak/resources/views/index.blade.php, IS_ADMIN: NO
[2026-05-17 15:47:02] URI: /school1/lekhak/admin, VIEW: dashboard, PATH: /mnt/c/projects/apache/school1/src/lekhak/resources/themes/glass_admin/views/dashboard.blade.php, IS_ADMIN: YES
[2026-05-17 15:47:55] URI: /school1/lekhak/admin, VIEW: dashboard, PATH: /mnt/c/projects/apache/school1/src/lekhak/resources/themes/glass_admin/views/dashboard.blade.php, IS_ADMIN: YES
[2026-05-17 15:48:31] URI: /school1/lekhak/admin/settings, VIEW: placeholder, PATH: /mnt/c/projects/apache/school1/src/lekhak/resources/themes/glass_admin/views/placeholder.blade.php, IS_ADMIN: YES
[2026-05-17 15:48:58] URI: /school1/lekhak/admin, VIEW: dashboard, PATH: /mnt/c/projects/apache/school1/src/lekhak/resources/themes/glass_admin/views/dashboard.blade.php, IS_ADMIN: YES
[2026-05-17 15:49:48] URI: /school1/lekhak/admin, VIEW: dashboard, PATH: /mnt/c/projects/apache/school1/src/lekhak/resources/themes/glass_admin/views/dashboard.blade.php, IS_ADMIN: YES
[2026-05-17 15:50:26] URI: /school1/lekhak/admin, VIEW: dashboard, PATH: /mnt/c/projects/apache/school1/src/lekhak/resources/themes/glass_admin/views/dashboard.blade.php, IS_ADMIN: YES
[2026-05-17 15:51:01] URI: /school1/lekhak/admin, VIEW: dashboard, PATH: /mnt/c/projects/apache/school1/src/lekhak/resources/themes/glass_admin/views/dashboard.blade.php, IS_ADMIN: YES
[2026-05-17 16:25:04] URI: /school1/lekhak/admin, VIEW: dashboard, PATH: /mnt/c/projects/apache/school1/src/lekhak/resources/themes/glass_admin/views/dashboard.blade.php, IS_ADMIN: YES
[2026-05-17 16:33:33] URI: /school1/, VIEW: index, PATH: /mnt/c/projects/apache/school1/src/lekhak/resources/views/index.blade.php, IS_ADMIN: NO
[2026-05-17 16:33:48] URI: /school1/lekhak/admin, VIEW: dashboard, PATH: /mnt/c/projects/apache/school1/src/lekhak/resources/themes/glass_admin/views/dashboard.blade.php, IS_ADMIN: YES
[2026-05-17 16:34:30] URI: /school1/lekhak/admin, VIEW: dashboard, PATH: /mnt/c/projects/apache/school1/src/lekhak/resources/themes/glass_admin/views/dashboard.blade.php, IS_ADMIN: YES
[2026-05-17 16:35:05] URI: /school1/lekhak/admin, VIEW: dashboard, PATH: /mnt/c/projects/apache/school1/src/lekhak/resources/themes/glass_admin/views/dashboard.blade.php, IS_ADMIN: YES
[2026-05-17 16:35:28] URI: /school1/lekhak/admin, VIEW: dashboard, PATH: /mnt/c/projects/apache/school1/src/lekhak/resources/themes/glass_admin/views/dashboard.blade.php, IS_ADMIN: YES
[2026-05-17 16:40:19] URI: /school1/lekhak/admin, VIEW: dashboard, PATH: /mnt/c/projects/apache/school1/src/lekhak/resources/themes/glass_admin/views/dashboard.blade.php, IS_ADMIN: YES
[2026-05-17 23:42:27] URI: /school1/lekhak/admin/login, VIEW: login, PATH: /mnt/c/projects/apache/school1/src/lekhak/resources/views/login.blade.php, IS_ADMIN: NO
[2026-05-17 23:43:26] URI: /school1/lekhak/admin, VIEW: dashboard, PATH: /mnt/c/projects/apache/school1/src/lekhak/resources/themes/glass_admin/views/dashboard.blade.php, IS_ADMIN: YES
[2026-05-18 00:02:37] URI: /school1/lekhak/admin/, VIEW: dashboard, PATH: /mnt/c/projects/apache/school1/src/lekhak/resources/themes/glass_admin/views/dashboard.blade.php, IS_ADMIN: YES
[2026-05-18 10:09:52] URI: /school1/lekhak/admin/login, VIEW: login, PATH: /mnt/c/projects/apache/school1/src/lekhak/resources/views/login.blade.php, IS_ADMIN: NO
[2026-05-18 10:10:44] URI: /school1/lekhak/admin, VIEW: dashboard, PATH: /mnt/c/projects/apache/school1/src/lekhak/resources/themes/glass_admin/views/dashboard.blade.php, IS_ADMIN: YES
[2026-05-18 10:11:14] URI: /school1/lekhak/admin/structure/types, VIEW: content-types, PATH: /mnt/c/projects/apache/school1/src/lekhak/resources/themes/glass_admin/views/content-types.blade.php, IS_ADMIN: YES
[2026-05-18 10:12:41] URI: /school1/lekhak/admin/structure/types, VIEW: content-types, PATH: /mnt/c/projects/apache/school1/src/lekhak/resources/themes/glass_admin/views/content-types.blade.php, IS_ADMIN: YES
[2026-05-18 10:17:47] URI: /school1/lekhak/admin, VIEW: dashboard, PATH: /mnt/c/projects/apache/school1/src/lekhak/resources/themes/glass_admin/views/dashboard.blade.php, IS_ADMIN: YES
[2026-05-18 10:20:14] URI: /school1/lekhak/admin, VIEW: dashboard, PATH: /mnt/c/projects/apache/school1/src/lekhak/resources/themes/glass_admin/views/dashboard.blade.php, IS_ADMIN: YES
[2026-05-18 10:27:57] URI: /school1/lekhak/admin, VIEW: dashboard, PATH: /mnt/c/projects/apache/school1/src/lekhak/resources/themes/glass_admin/views/dashboard.blade.php, IS_ADMIN: YES
[2026-05-18 10:28:38] URI: /school1/, VIEW: index, PATH: /mnt/c/projects/apache/school1/src/lekhak/resources/views/index.blade.php, IS_ADMIN: NO
[2026-05-18 10:29:14] URI: /school1/lekhak/admin, VIEW: dashboard, PATH: /mnt/c/projects/apache/school1/src/lekhak/resources/themes/glass_admin/views/dashboard.blade.php, IS_ADMIN: YES
[2026-05-18 10:42:49] URI: /school1/lekhak/, VIEW: index, PATH: /mnt/c/projects/apache/school1/src/lekhak/resources/views/index.blade.php, IS_ADMIN: NO
[2026-05-18 10:43:16] URI: /school1/lekhak/admin, VIEW: dashboard, PATH: /mnt/c/projects/apache/school1/src/lekhak/resources/themes/glass_admin/views/dashboard.blade.php, IS_ADMIN: YES
[2026-05-18 10:44:32] URI: /school1/lekhak/admin/landing, VIEW: landing/list, PATH: /mnt/c/projects/apache/school1/src/lekhak/resources/themes/glass_admin/views/landing/list.blade.php, IS_ADMIN: YES
[2026-05-18 10:45:00] URI: /school1/lekhak/admin/landing, VIEW: landing/list, PATH: /mnt/c/projects/apache/school1/src/lekhak/resources/themes/glass_admin/views/landing/list.blade.php, IS_ADMIN: YES
[2026-05-18 10:45:37] URI: /school1/lekhak/, VIEW: index, PATH: /mnt/c/projects/apache/school1/src/lekhak/resources/views/index.blade.php, IS_ADMIN: NO
[2026-05-18 10:46:07] URI: /school1/lekhak/admin, VIEW: dashboard, PATH: /mnt/c/projects/apache/school1/src/lekhak/resources/themes/glass_admin/views/dashboard.blade.php, IS_ADMIN: YES
[2026-05-18 10:48:43] URI: /school1/, VIEW: index, PATH: /mnt/c/projects/apache/school1/src/lekhak/resources/views/index.blade.php, IS_ADMIN: NO
[2026-05-18 10:49:11] URI: /school1/lekhak/admin, VIEW: dashboard, PATH: /mnt/c/projects/apache/school1/src/lekhak/resources/themes/glass_admin/views/dashboard.blade.php, IS_ADMIN: YES
[2026-05-18 10:49:47] URI: /school1/node/19, VIEW: node, PATH: /mnt/c/projects/apache/school1/src/lekhak/resources/views/node.blade.php, IS_ADMIN: NO
[2026-05-18 10:50:08] URI: /school1/, VIEW: index, PATH: /mnt/c/projects/apache/school1/src/lekhak/resources/views/index.blade.php, IS_ADMIN: NO
[2026-05-18 10:50:45] URI: /school1/lekhak/admin, VIEW: dashboard, PATH: /mnt/c/projects/apache/school1/src/lekhak/resources/themes/glass_admin/views/dashboard.blade.php, IS_ADMIN: YES
[2026-05-18 10:52:02] URI: /school1/node/5, VIEW: landing-page, PATH: /mnt/c/projects/apache/school1/src/lekhak/resources/themes/premium/views/landing-page.blade.php, IS_ADMIN: NO
[2026-05-18 10:52:36] URI: /school1/node/4, VIEW: landing-page, PATH: /mnt/c/projects/apache/school1/src/lekhak/resources/themes/premium/views/landing-page.blade.php, IS_ADMIN: NO
[2026-05-18 10:53:01] URI: /school1/node/4, VIEW: landing-page, PATH: /mnt/c/projects/apache/school1/src/lekhak/resources/themes/premium/views/landing-page.blade.php, IS_ADMIN: NO
[2026-05-18 10:53:17] URI: /school1/lekhak/admin, VIEW: dashboard, PATH: /mnt/c/projects/apache/school1/src/lekhak/resources/themes/glass_admin/views/dashboard.blade.php, IS_ADMIN: YES
[2026-05-18 10:53:47] URI: /school1/node/4, VIEW: landing-page, PATH: /mnt/c/projects/apache/school1/src/lekhak/resources/themes/premium/views/landing-page.blade.php, IS_ADMIN: NO
[2026-05-18 10:54:01] URI: /school1/page/debug-page, VIEW: landing-page, PATH: /mnt/c/projects/apache/school1/src/lekhak/resources/themes/premium/views/landing-page.blade.php, IS_ADMIN: NO
[2026-05-18 10:54:31] URI: /school1/, VIEW: index, PATH: /mnt/c/projects/apache/school1/src/lekhak/resources/views/index.blade.php, IS_ADMIN: NO
[2026-05-18 10:55:00] URI: /school1/node/19, VIEW: node, PATH: /mnt/c/projects/apache/school1/src/lekhak/resources/views/node.blade.php, IS_ADMIN: NO
[2026-05-18 10:55:27] URI: /school1/lekhak/admin, VIEW: dashboard, PATH: /mnt/c/projects/apache/school1/src/lekhak/resources/themes/glass_admin/views/dashboard.blade.php, IS_ADMIN: YES
[2026-05-18 10:56:02] URI: /school1/lekhak/admin, VIEW: dashboard, PATH: /mnt/c/projects/apache/school1/src/lekhak/resources/themes/glass_admin/views/dashboard.blade.php, IS_ADMIN: YES
[2026-05-18 10:56:13] URI: /school1/lekhak/admin, VIEW: dashboard, PATH: /mnt/c/projects/apache/school1/src/lekhak/resources/themes/glass_admin/views/dashboard.blade.php, IS_ADMIN: YES
[2026-05-18 10:56:46] URI: /school1/node/19, VIEW: node, PATH: /mnt/c/projects/apache/school1/src/lekhak/resources/views/node.blade.php, IS_ADMIN: NO
[2026-05-18 10:57:11] URI: /school1/lekhak/admin, VIEW: dashboard, PATH: /mnt/c/projects/apache/school1/src/lekhak/resources/themes/glass_admin/views/dashboard.blade.php, IS_ADMIN: YES
[2026-05-18 10:58:18] URI: /school1/node/5, VIEW: landing-page, PATH: /mnt/c/projects/apache/school1/src/lekhak/resources/themes/premium/views/landing-page.blade.php, IS_ADMIN: NO
[2026-05-18 10:58:35] URI: /school1/lekhak/admin, VIEW: dashboard, PATH: /mnt/c/projects/apache/school1/src/lekhak/resources/themes/glass_admin/views/dashboard.blade.php, IS_ADMIN: YES
[2026-05-18 11:01:03] URI: /school1/node/19, VIEW: node, PATH: /mnt/c/projects/apache/school1/src/lekhak/resources/views/node.blade.php, IS_ADMIN: NO
[2026-05-18 11:01:37] URI: /school1/page/debug-page, VIEW: landing-page, PATH: /mnt/c/projects/apache/school1/src/lekhak/resources/themes/premium/views/landing-page.blade.php, IS_ADMIN: NO
[2026-05-18 11:01:53] URI: /school1/lekhak/admin, VIEW: dashboard, PATH: /mnt/c/projects/apache/school1/src/lekhak/resources/themes/glass_admin/views/dashboard.blade.php, IS_ADMIN: YES
[2026-05-18 11:02:18] URI: /school1/lekhak/admin/settings, VIEW: placeholder, PATH: /mnt/c/projects/apache/school1/src/lekhak/resources/themes/glass_admin/views/placeholder.blade.php, IS_ADMIN: YES
[2026-05-18 11:02:42] URI: /school1/lekhak/admin/settings, VIEW: placeholder, PATH: /mnt/c/projects/apache/school1/src/lekhak/resources/themes/glass_admin/views/placeholder.blade.php, IS_ADMIN: YES
[2026-05-18 11:03:24] URI: /school1/lekhak/admin/settings, VIEW: placeholder, PATH: /mnt/c/projects/apache/school1/src/lekhak/resources/themes/glass_admin/views/placeholder.blade.php, IS_ADMIN: YES
[2026-05-18 11:03:59] URI: /school1/lekhak/admin, VIEW: dashboard, PATH: /mnt/c/projects/apache/school1/src/lekhak/resources/themes/glass_admin/views/dashboard.blade.php, IS_ADMIN: YES
[2026-05-18 11:04:42] URI: /school1/node/19, VIEW: node, PATH: /mnt/c/projects/apache/school1/src/lekhak/resources/views/node.blade.php, IS_ADMIN: NO
[2026-05-18 11:05:07] URI: /school1/, VIEW: index, PATH: /mnt/c/projects/apache/school1/src/lekhak/resources/views/index.blade.php, IS_ADMIN: NO
[2026-05-18 11:35:46] URI: /school1/, VIEW: index, PATH: /mnt/c/projects/apache/school1/src/lekhak/resources/views/index.blade.php, IS_ADMIN: NO
[2026-05-18 11:36:28] URI: /school1/lekhak/admin/login, VIEW: login, PATH: /mnt/c/projects/apache/school1/src/lekhak/resources/views/login.blade.php, IS_ADMIN: NO
[2026-05-18 11:37:52] URI: /school1/lekhak/admin/login, VIEW: login, PATH: /mnt/c/projects/apache/school1/src/lekhak/resources/views/login.blade.php, IS_ADMIN: NO
[2026-05-18 11:38:59] URI: /school1/lekhak/admin, VIEW: dashboard, PATH: /mnt/c/projects/apache/school1/src/lekhak/resources/themes/glass_admin/views/dashboard.blade.php, IS_ADMIN: YES
[2026-05-18 11:39:53] URI: /school1/, VIEW: index, PATH: /mnt/c/projects/apache/school1/src/lekhak/resources/views/index.blade.php, IS_ADMIN: NO
[2026-05-18 11:40:22] URI: /school1/, VIEW: index, PATH: /mnt/c/projects/apache/school1/src/lekhak/resources/views/index.blade.php, IS_ADMIN: NO
[2026-05-18 11:44:37] URI: /school1/lekhak/admin/settings, VIEW: placeholder, PATH: /mnt/c/projects/apache/school1/src/lekhak/resources/themes/glass_admin/views/placeholder.blade.php, IS_ADMIN: YES
[2026-05-18 11:45:23] URI: /school1/lekhak/admin, VIEW: dashboard, PATH: /mnt/c/projects/apache/school1/src/lekhak/resources/themes/glass_admin/views/dashboard.blade.php, IS_ADMIN: YES
[2026-05-18 11:47:12] URI: /school1/lekhak/admin, VIEW: dashboard, PATH: /mnt/c/projects/apache/school1/src/lekhak/resources/themes/glass_admin/views/dashboard.blade.php, IS_ADMIN: YES
[2026-05-18 11:47:42] URI: /school1/lekhak/admin, VIEW: dashboard, PATH: /mnt/c/projects/apache/school1/src/lekhak/resources/themes/glass_admin/views/dashboard.blade.php, IS_ADMIN: YES
[2026-05-18 11:48:10] URI: /school1/, VIEW: index, PATH: /mnt/c/projects/apache/school1/src/lekhak/resources/views/index.blade.php, IS_ADMIN: NO
[2026-05-18 11:49:03] URI: /school1/lekhak/admin, VIEW: dashboard, PATH: /mnt/c/projects/apache/school1/src/lekhak/resources/themes/glass_admin/views/dashboard.blade.php, IS_ADMIN: YES
[2026-05-18 11:49:37] URI: /school1/lekhak/admin/landing, VIEW: landing/list, PATH: /mnt/c/projects/apache/school1/src/lekhak/resources/themes/glass_admin/views/landing/list.blade.php, IS_ADMIN: YES
