[2026-05-15 15:52:00] REGION CONTENT LENGTH: 0
[2026-05-15 15:52:00] VARS PAGE CONTENT LENGTH: 0
[2026-05-15 15:53:01] RAW PAGE CONTENT LENGTH: 5340
[2026-05-15 15:53:01] EXTRACTED INNER BODY LENGTH: 2
[2026-05-15 15:53:01] REGION CONTENT LENGTH: 0
[2026-05-15 15:53:01] VARS PAGE CONTENT LENGTH: 0
[2026-05-15 15:54:12] RAW PAGE CONTENT LENGTH: 5340
[2026-05-15 15:54:12] EXTRACTED INNER BODY MATCH (0): <body>
 </body>
[2026-05-15 15:54:12] EXTRACTED INNER BODY LENGTH: 2
[2026-05-15 15:54:12] REGION CONTENT LENGTH: 0
[2026-05-15 15:54:12] VARS PAGE CONTENT LENGTH: 0
[2026-05-15 15:55:11] RAW PAGE CONTENT LENGTH: 5340
[2026-05-15 15:55:11] RAW PAGE CONTENT START: <!DOCTYPE html>
<html lang="en">
<head>
 <meta charset="UTF-8">
 <meta name="viewport" content="width=device-width, initial-scale=1.0">
 <title>Test</title>
 <link rel="stylesheet" href="/school1/res/
[2026-05-15 15:55:11] EXTRACTED INNER BODY MATCH (0): <body>
 </body>
[2026-05-15 15:55:11] EXTRACTED INNER BODY LENGTH: 2
[2026-05-15 15:55:11] REGION CONTENT LENGTH: 0
[2026-05-15 15:55:11] VARS PAGE CONTENT LENGTH: 0
[2026-05-15 15:55:53] RAW PAGE CONTENT LENGTH: 5340
[2026-05-15 15:55:53] RAW PAGE CONTENT START: <!DOCTYPE html>
<html lang="en">
<head>
 <meta charset="UTF-8">
 <meta name="viewport" content="width=device-width, initial-scale=1.0">
 <title>Test</title>
 <link rel="stylesheet" href="/school1/res/
[2026-05-15 15:55:53] EXTRACTED INNER BODY MATCH (0): <body>
 </body>
[2026-05-15 15:55:53] EXTRACTED INNER BODY LENGTH: 2
[2026-05-15 15:55:53] REGION CONTENT LENGTH: 0
[2026-05-15 15:55:53] VARS PAGE CONTENT LENGTH: 0
[2026-05-15 16:09:23] RAW PAGE CONTENT LENGTH: 5340
[2026-05-15 16:09:23] RAW PAGE CONTENT START: <!DOCTYPE html>
<html lang="en">
<head>
 <meta charset="UTF-8">
 <meta name="viewport" content="width=device-width, initial-scale=1.0">
 <title>Test</title>
 <link rel="stylesheet" href="/school1/res/
[2026-05-15 16:09:23] EXTRACTED INNER BODY MATCH (0): <body>
 </body>
[2026-05-15 16:09:23] EXTRACTED INNER BODY LENGTH: 2
[2026-05-15 16:09:23] REGION CONTENT LENGTH: 0
[2026-05-15 16:09:23] VARS PAGE CONTENT LENGTH: 0
[2026-05-15 16:13:14] REGION CONTENT LENGTH: 241
[2026-05-15 16:13:14] VARS PAGE CONTENT LENGTH: 241
[2026-05-15 16:15:52] REGION CONTENT LENGTH: 0
[2026-05-15 16:15:52] VARS PAGE CONTENT LENGTH: 0
[2026-05-15 16:16:05] REGION CONTENT LENGTH: 0
[2026-05-15 16:16:05] VARS PAGE CONTENT LENGTH: 0
[2026-05-15 16:16:09] REGION CONTENT LENGTH: 241
[2026-05-15 16:16:09] VARS PAGE CONTENT LENGTH: 241
[2026-05-16 10:53:40] REGION CONTENT LENGTH: 202
[2026-05-16 10:53:40] VARS PAGE CONTENT LENGTH: 202
[2026-05-17 15:45:32] REGION CONTENT LENGTH: 989
[2026-05-17 15:45:32] VARS PAGE CONTENT LENGTH: 989
[2026-05-17 15:45:54] REGION CONTENT LENGTH: 989
[2026-05-17 15:45:54] VARS PAGE CONTENT LENGTH: 989
[2026-05-17 15:46:32] REGION CONTENT LENGTH: 989
[2026-05-17 15:46:32] VARS PAGE CONTENT LENGTH: 989
[2026-05-17 16:33:33] REGION CONTENT LENGTH: 989
[2026-05-17 16:33:33] VARS PAGE CONTENT LENGTH: 989
[2026-05-18 10:28:38] REGION CONTENT LENGTH: 12282
[2026-05-18 10:28:38] VARS PAGE CONTENT LENGTH: 12282
[2026-05-18 10:42:49] REGION CONTENT LENGTH: 12282
[2026-05-18 10:42:49] VARS PAGE CONTENT LENGTH: 12282
[2026-05-18 10:45:37] REGION CONTENT LENGTH: 12282
[2026-05-18 10:45:37] VARS PAGE CONTENT LENGTH: 12282
[2026-05-18 10:48:43] REGION CONTENT LENGTH: 12282
[2026-05-18 10:48:43] VARS PAGE CONTENT LENGTH: 12282
[2026-05-18 10:49:47] REGION CONTENT LENGTH: 17400
[2026-05-18 10:49:47] VARS PAGE CONTENT LENGTH: 17400
[2026-05-18 10:50:08] REGION CONTENT LENGTH: 12282
[2026-05-18 10:50:08] VARS PAGE CONTENT LENGTH: 12282
[2026-05-18 10:52:02] REGION CONTENT LENGTH: 11293
[2026-05-18 10:52:02] VARS PAGE CONTENT LENGTH: 11293
[2026-05-18 10:52:36] REGION CONTENT LENGTH: 11293
[2026-05-18 10:52:36] VARS PAGE CONTENT LENGTH: 11293
[2026-05-18 10:53:01] REGION CONTENT LENGTH: 11293
[2026-05-18 10:53:01] VARS PAGE CONTENT LENGTH: 11293
[2026-05-18 10:53:47] REGION CONTENT LENGTH: 11293
[2026-05-18 10:53:47] VARS PAGE CONTENT LENGTH: 11293
[2026-05-18 10:54:01] REGION CONTENT LENGTH: 11293
[2026-05-18 10:54:01] VARS PAGE CONTENT LENGTH: 11293
[2026-05-18 10:54:32] REGION CONTENT LENGTH: 12282
[2026-05-18 10:54:32] VARS PAGE CONTENT LENGTH: 12282
[2026-05-18 10:55:00] REGION CONTENT LENGTH: 17400
[2026-05-18 10:55:00] VARS PAGE CONTENT LENGTH: 17400
[2026-05-18 10:56:47] REGION CONTENT LENGTH: 17400
[2026-05-18 10:56:47] VARS PAGE CONTENT LENGTH: 17400
[2026-05-18 10:58:18] REGION CONTENT LENGTH: 11293
[2026-05-18 10:58:18] VARS PAGE CONTENT LENGTH: 11293
[2026-05-18 11:01:03] REGION CONTENT LENGTH: 17400
[2026-05-18 11:01:03] VARS PAGE CONTENT LENGTH: 17400
[2026-05-18 11:01:38] REGION CONTENT LENGTH: 11293
[2026-05-18 11:01:38] VARS PAGE CONTENT LENGTH: 11293
[2026-05-18 11:04:42] REGION CONTENT LENGTH: 17400
[2026-05-18 11:04:42] VARS PAGE CONTENT LENGTH: 17400
[2026-05-18 11:05:09] REGION CONTENT LENGTH: 12011
[2026-05-18 11:05:09] VARS PAGE CONTENT LENGTH: 12011
[2026-05-18 11:35:46] REGION CONTENT LENGTH: 12011
[2026-05-18 11:35:46] VARS PAGE CONTENT LENGTH: 12011
[2026-05-18 11:39:53] REGION CONTENT LENGTH: 12282
[2026-05-18 11:39:53] VARS PAGE CONTENT LENGTH: 12282
[2026-05-18 11:40:22] REGION CONTENT LENGTH: 12282
[2026-05-18 11:40:22] VARS PAGE CONTENT LENGTH: 12282
[2026-05-18 11:48:10] REGION CONTENT LENGTH: 12282
[2026-05-18 11:48:10] VARS PAGE CONTENT LENGTH: 12282
[2026-05-18 14:53:38] REGION CONTENT LENGTH: 12274
[2026-05-18 14:53:38] VARS PAGE CONTENT LENGTH: 12274
[2026-05-18 14:53:46] REGION CONTENT LENGTH: 12274
[2026-05-18 14:53:46] VARS PAGE CONTENT LENGTH: 12274
[2026-05-18 14:53:51] REGION CONTENT LENGTH: 12274
[2026-05-18 14:53:51] VARS PAGE CONTENT LENGTH: 12274
[2026-05-18 12:58:37] REGION CONTENT LENGTH: 12282
[2026-05-18 12:58:37] VARS PAGE CONTENT LENGTH: 12282
[2026-05-18 15:23:17] REGION CONTENT LENGTH: 12282
[2026-05-18 15:23:17] VARS PAGE CONTENT LENGTH: 12282
[2026-05-18 17:25:20] REGION CONTENT LENGTH: 11422
[2026-05-18 17:25:20] VARS PAGE CONTENT LENGTH: 11422
[2026-05-18 17:26:56] REGION CONTENT LENGTH: 11422
[2026-05-18 17:26:56] VARS PAGE CONTENT LENGTH: 11422
[2026-05-18 15:28:16] REGION CONTENT LENGTH: 12282
[2026-05-18 15:28:16] VARS PAGE CONTENT LENGTH: 12282
[2026-05-18 15:30:05] REGION CONTENT LENGTH: 11632
[2026-05-18 15:30:05] VARS PAGE CONTENT LENGTH: 11632
[2026-05-19 02:03:54] REGION CONTENT LENGTH: 11648
[2026-05-19 02:03:54] VARS PAGE CONTENT LENGTH: 11648
[2026-05-19 02:53:09] REGION CONTENT LENGTH: 11648
[2026-05-19 02:53:09] VARS PAGE CONTENT LENGTH: 11648
[2026-05-19 03:07:08] REGION CONTENT LENGTH: 11648
[2026-05-19 03:07:08] VARS PAGE CONTENT LENGTH: 11648
[2026-05-19 01:14:22] REGION CONTENT LENGTH: 11975
[2026-05-19 01:14:22] VARS PAGE CONTENT LENGTH: 11975
[2026-05-19 01:16:33] REGION CONTENT LENGTH: 11975
[2026-05-19 01:16:33] VARS PAGE CONTENT LENGTH: 11975
[2026-05-19 01:17:48] REGION CONTENT LENGTH: 11975
[2026-05-19 01:17:48] VARS PAGE CONTENT LENGTH: 11975
[2026-05-19 01:19:02] REGION CONTENT LENGTH: 11975
[2026-05-19 01:19:02] VARS PAGE CONTENT LENGTH: 11975
[2026-05-19 01:54:48] REGION CONTENT LENGTH: 12625
[2026-05-19 01:54:48] VARS PAGE CONTENT LENGTH: 12625
[2026-05-19 07:20:34] REGION CONTENT LENGTH: 11648
[2026-05-19 07:20:34] VARS PAGE CONTENT LENGTH: 11648
[2026-05-19 07:21:03] REGION CONTENT LENGTH: 11928
[2026-05-19 07:21:03] VARS PAGE CONTENT LENGTH: 11928
[2026-05-19 07:22:55] REGION CONTENT LENGTH: 12105
[2026-05-19 07:22:55] VARS PAGE CONTENT LENGTH: 12105
[2026-05-19 07:23:23] REGION CONTENT LENGTH: 12105
[2026-05-19 07:23:23] VARS PAGE CONTENT LENGTH: 12105
[2026-05-19 07:23:32] REGION CONTENT LENGTH: 12105
[2026-05-19 07:23:32] VARS PAGE CONTENT LENGTH: 12105
[2026-05-19 07:23:41] REGION CONTENT LENGTH: 12105
[2026-05-19 07:23:41] VARS PAGE CONTENT LENGTH: 12105
[2026-05-19 12:29:18] REGION CONTENT LENGTH: 11648
[2026-05-19 12:29:18] VARS PAGE CONTENT LENGTH: 11648
[2026-05-19 12:34:53] REGION CONTENT LENGTH: 11648
[2026-05-19 12:34:53] VARS PAGE CONTENT LENGTH: 11648
[2026-05-19 12:38:43] REGION CONTENT LENGTH: 11648
[2026-05-19 12:38:43] VARS PAGE CONTENT LENGTH: 11648
[2026-05-19 12:39:30] REGION CONTENT LENGTH: 11648
[2026-05-19 12:39:30] VARS PAGE CONTENT LENGTH: 11648
[2026-05-19 12:40:12] REGION CONTENT LENGTH: 11648
[2026-05-19 12:40:12] VARS PAGE CONTENT LENGTH: 11648
[2026-05-19 12:40:38] REGION CONTENT LENGTH: 11648
[2026-05-19 12:40:38] VARS PAGE CONTENT LENGTH: 11648
[2026-05-19 13:54:49] REGION CONTENT LENGTH: 11648
[2026-05-19 13:54:49] VARS PAGE CONTENT LENGTH: 11648
[2026-05-19 13:59:53] REGION CONTENT LENGTH: 11648
[2026-05-19 13:59:53] VARS PAGE CONTENT LENGTH: 11648
[2026-05-19 12:00:32] REGION CONTENT LENGTH: 12625
[2026-05-19 12:00:32] VARS PAGE CONTENT LENGTH: 12625
[2026-05-19 14:03:40] REGION CONTENT LENGTH: 11648
[2026-05-19 14:03:40] VARS PAGE CONTENT LENGTH: 11648
[2026-05-19 14:06:14] REGION CONTENT LENGTH: 12274
[2026-05-19 14:06:14] VARS PAGE CONTENT LENGTH: 12274
[2026-05-19 14:06:31] REGION CONTENT LENGTH: 11648
[2026-05-19 14:06:31] VARS PAGE CONTENT LENGTH: 11648
[2026-05-19 14:06:31] REGION CONTENT LENGTH: 19172
[2026-05-19 14:06:31] VARS PAGE CONTENT LENGTH: 19172
[2026-05-19 14:12:27] REGION CONTENT LENGTH: 11648
[2026-05-19 14:12:27] VARS PAGE CONTENT LENGTH: 11648
[2026-05-19 12:14:39] REGION CONTENT LENGTH: 12625
[2026-05-19 12:14:39] VARS PAGE CONTENT LENGTH: 12625
[2026-05-19 14:20:14] REGION CONTENT LENGTH: 11648
[2026-05-19 14:20:14] VARS PAGE CONTENT LENGTH: 11648
[2026-05-19 12:22:00] REGION CONTENT LENGTH: 11838
[2026-05-19 12:22:00] VARS PAGE CONTENT LENGTH: 11838
[2026-05-19 12:22:32] REGION CONTENT LENGTH: 11838
[2026-05-19 12:22:32] VARS PAGE CONTENT LENGTH: 11838
[2026-05-19 12:22:48] REGION CONTENT LENGTH: 12625
[2026-05-19 12:22:48] VARS PAGE CONTENT LENGTH: 12625
[2026-05-19 14:24:59] REGION CONTENT LENGTH: 11648
[2026-05-19 14:24:59] VARS PAGE CONTENT LENGTH: 11648
[2026-05-19 12:28:56] REGION CONTENT LENGTH: 52137
[2026-05-19 12:28:56] VARS PAGE CONTENT LENGTH: 52137
[2026-05-19 12:31:46] REGION CONTENT LENGTH: 52137
[2026-05-19 12:31:46] VARS PAGE CONTENT LENGTH: 52137
[2026-05-19 13:38:56] REGION CONTENT LENGTH: 52137
[2026-05-19 13:38:56] VARS PAGE CONTENT LENGTH: 52137
[2026-05-20 10:45:58] REGION CONTENT LENGTH: 18647
[2026-05-20 10:45:58] VARS PAGE CONTENT LENGTH: 18647
[2026-05-20 15:46:50] REGION CONTENT LENGTH: 19132
[2026-05-20 15:46:50] VARS PAGE CONTENT LENGTH: 19132
[2026-05-20 23:42:02] REGION CONTENT LENGTH: 19132
[2026-05-20 23:42:02] VARS PAGE CONTENT LENGTH: 19132
[2026-05-21 06:30:16] REGION CONTENT LENGTH: 12625
[2026-05-21 06:30:16] VARS PAGE CONTENT LENGTH: 12625
[2026-05-22 13:05:23] REGION CONTENT LENGTH: 11648
[2026-05-22 13:05:23] VARS PAGE CONTENT LENGTH: 11648
[2026-05-22 13:08:00] REGION CONTENT LENGTH: 11648
[2026-05-22 13:08:00] VARS PAGE CONTENT LENGTH: 11648
[2026-05-22 13:10:56] REGION CONTENT LENGTH: 11648
[2026-05-22 13:10:56] VARS PAGE CONTENT LENGTH: 11648
[2026-05-22 13:12:25] REGION CONTENT LENGTH: 11648
[2026-05-22 13:12:25] VARS PAGE CONTENT LENGTH: 11648
[2026-05-22 13:13:42] REGION CONTENT LENGTH: 11648
[2026-05-22 13:13:42] VARS PAGE CONTENT LENGTH: 11648
[2026-05-22 13:16:38] REGION CONTENT LENGTH: 11648
[2026-05-22 13:16:38] VARS PAGE CONTENT LENGTH: 11648
[2026-05-22 13:17:22] REGION CONTENT LENGTH: 11648
[2026-05-22 13:17:22] VARS PAGE CONTENT LENGTH: 11648
[2026-05-22 13:19:57] REGION CONTENT LENGTH: 11648
[2026-05-22 13:19:57] VARS PAGE CONTENT LENGTH: 11648
[2026-05-22 13:20:13] REGION CONTENT LENGTH: 11648
[2026-05-22 13:20:13] VARS PAGE CONTENT LENGTH: 11648
[2026-05-23 15:58:37] REGION CONTENT LENGTH: 12617
[2026-05-23 15:58:37] VARS PAGE CONTENT LENGTH: 12617
[2026-05-23 15:59:04] REGION CONTENT LENGTH: 12617
[2026-05-23 15:59:04] VARS PAGE CONTENT LENGTH: 12617
[2026-05-24 05:57:37] REGION CONTENT LENGTH: 12617
[2026-05-24 05:57:37] VARS PAGE CONTENT LENGTH: 12617
[2026-05-24 05:58:06] REGION CONTENT LENGTH: 12617
[2026-05-24 05:58:06] VARS PAGE CONTENT LENGTH: 12617
[2026-05-24 05:59:18] REGION CONTENT LENGTH: 12617
[2026-05-24 05:59:18] VARS PAGE CONTENT LENGTH: 12617
[2026-05-24 06:06:49] REGION CONTENT LENGTH: 12617
[2026-05-24 06:06:49] VARS PAGE CONTENT LENGTH: 12617
[2026-05-24 06:07:14] REGION CONTENT LENGTH: 12617
[2026-05-24 06:07:14] VARS PAGE CONTENT LENGTH: 12617
[2026-05-24 06:07:35] REGION CONTENT LENGTH: 12617
[2026-05-24 06:07:35] VARS PAGE CONTENT LENGTH: 12617
[2026-05-24 06:08:00] REGION CONTENT LENGTH: 12617
[2026-05-24 06:08:00] VARS PAGE CONTENT LENGTH: 12617
[2026-05-24 06:08:32] REGION CONTENT LENGTH: 12617
[2026-05-24 06:08:32] VARS PAGE CONTENT LENGTH: 12617
[2026-05-24 06:09:25] REGION CONTENT LENGTH: 12617
[2026-05-24 06:09:25] VARS PAGE CONTENT LENGTH: 12617
[2026-05-24 06:09:57] REGION CONTENT LENGTH: 11649
[2026-05-24 06:09:57] VARS PAGE CONTENT LENGTH: 11649
[2026-05-24 06:10:48] REGION CONTENT LENGTH: 11649
[2026-05-24 06:10:48] VARS PAGE CONTENT LENGTH: 11649
[2026-05-24 06:12:09] REGION CONTENT LENGTH: 12617
[2026-05-24 06:12:09] VARS PAGE CONTENT LENGTH: 12617
[2026-05-24 06:15:45] REGION CONTENT LENGTH: 12617
[2026-05-24 06:15:45] VARS PAGE CONTENT LENGTH: 12617
[2026-05-24 06:16:05] REGION CONTENT LENGTH: 12617
[2026-05-24 06:16:05] VARS PAGE CONTENT LENGTH: 12617
[2026-05-24 06:26:46] REGION CONTENT LENGTH: 12617
[2026-05-24 06:26:46] VARS PAGE CONTENT LENGTH: 12617
[2026-05-24 06:27:13] REGION CONTENT LENGTH: 12617
[2026-05-24 06:27:13] VARS PAGE CONTENT LENGTH: 12617
[2026-05-24 06:27:49] REGION CONTENT LENGTH: 12617
[2026-05-24 06:27:49] VARS PAGE CONTENT LENGTH: 12617
[2026-05-24 06:29:14] REGION CONTENT LENGTH: 12617
[2026-05-24 06:29:14] VARS PAGE CONTENT LENGTH: 12617
[2026-05-24 05:03:13] REGION CONTENT LENGTH: 12625
[2026-05-24 05:03:13] VARS PAGE CONTENT LENGTH: 12625
[2026-05-24 11:58:50] REGION CONTENT LENGTH: 12617
[2026-05-24 11:58:50] VARS PAGE CONTENT LENGTH: 12617
[2026-05-24 11:59:33] REGION CONTENT LENGTH: 12617
[2026-05-24 11:59:33] VARS PAGE CONTENT LENGTH: 12617
