Iterating files...
Class extracted: App\Samvaad\Serv\ApiController
Class required, exists: YES
Reflecting App\Samvaad\Serv\ApiController...
Class extracted: App\Samvaad\Serv\names
Class required, exists: NO
Class extracted: App\Samvaad\Serv\AuthController
Class required, exists: YES
Reflecting App\Samvaad\Serv\AuthController...
Class extracted: App\Samvaad\Serv\BackendShowcaseController
Class required, exists: YES
Reflecting App\Samvaad\Serv\BackendShowcaseController...
Class extracted: App\Samvaad\Serv\DashboardController
Class required, exists: YES
Reflecting App\Samvaad\Serv\DashboardController...
Class extracted: App\Samvaad\Serv\HomeController
Class required, exists: YES
Reflecting App\Samvaad\Serv\HomeController...
Class extracted: App\Samvaad\Serv\ReportDemoController
Class required, exists: YES
Reflecting App\Samvaad\Serv\ReportDemoController...
Done scanning /mnt/c/projects/apache/school1/src/Samvaad/serv
Iterating files...
Class extracted: App\Samvaad\Serv\ApiController
Class required, exists: YES
Reflecting App\Samvaad\Serv\ApiController...
Class extracted: App\Samvaad\Serv\names
Class required, exists: NO
Class extracted: App\Samvaad\Serv\AuthController
Class required, exists: YES
Reflecting App\Samvaad\Serv\AuthController...
Class extracted: App\Samvaad\Serv\BackendShowcaseController
Class required, exists: YES
Reflecting App\Samvaad\Serv\BackendShowcaseController...
Class extracted: App\Samvaad\Serv\DashboardController
Class required, exists: YES
Reflecting App\Samvaad\Serv\DashboardController...
Class extracted: App\Samvaad\Serv\HomeController
Class required, exists: YES
Reflecting App\Samvaad\Serv\HomeController...
Class extracted: App\Samvaad\Serv\ReportDemoController
Class required, exists: YES
Reflecting App\Samvaad\Serv\ReportDemoController...
Done scanning /mnt/c/projects/apache/school1/src/Samvaad/serv
Iterating files...
Class extracted: App\Samvaad\Serv\ApiController
Class required, exists: YES
Reflecting App\Samvaad\Serv\ApiController...
Class extracted: App\Samvaad\Serv\names
Class required, exists: NO
Class extracted: App\Samvaad\Serv\AuthController
Class required, exists: YES
Reflecting App\Samvaad\Serv\AuthController...
Class extracted: App\Samvaad\Serv\BackendShowcaseController
Class required, exists: YES
Reflecting App\Samvaad\Serv\BackendShowcaseController...
Iterating files...
Class extracted: App\Samvaad\Serv\ApiController
Class extracted: App\Samvaad\Serv\DashboardController
Class required, exists: YES
Class required, exists: YES
Reflecting App\Samvaad\Serv\DashboardController...
Reflecting App\Samvaad\Serv\ApiController...
Class extracted: App\Samvaad\Serv\HomeController
Class extracted: App\Samvaad\Serv\names
Class required, exists: NO
Class required, exists: YES
Reflecting App\Samvaad\Serv\HomeController...
Class extracted: App\Samvaad\Serv\ReportDemoController
Class extracted: App\Samvaad\Serv\AuthController
Class required, exists: YES
Class required, exists: YES
Reflecting App\Samvaad\Serv\AuthController...
Reflecting App\Samvaad\Serv\ReportDemoController...
Done scanning /mnt/c/projects/apache/school1/src/Samvaad/serv
Iterating files...
Class extracted: App\Samvaad\Serv\BackendShowcaseController
Class extracted: App\Samvaad\Serv\ApiController
Class required, exists: YES
Reflecting App\Samvaad\Serv\BackendShowcaseController...
Class required, exists: YES
Reflecting App\Samvaad\Serv\ApiController...
Class extracted: App\Samvaad\Serv\names
Class extracted: App\Samvaad\Serv\DashboardController
Class required, exists: NO
Class required, exists: YES
Class extracted: App\Samvaad\Serv\AuthController
Reflecting App\Samvaad\Serv\DashboardController...
Class required, exists: YES
Reflecting App\Samvaad\Serv\AuthController...
Class extracted: App\Samvaad\Serv\BackendShowcaseController
Class extracted: App\Samvaad\Serv\HomeController
Class required, exists: YES
Reflecting App\Samvaad\Serv\BackendShowcaseController...
Class required, exists: YES
Reflecting App\Samvaad\Serv\HomeController...
Class extracted: App\Samvaad\Serv\DashboardController
Class required, exists: YES
Reflecting App\Samvaad\Serv\DashboardController...
Class extracted: App\Samvaad\Serv\ReportDemoController
Class extracted: App\Samvaad\Serv\HomeController
Class required, exists: YES
Class required, exists: YES
Reflecting App\Samvaad\Serv\ReportDemoController...
Reflecting App\Samvaad\Serv\HomeController...
Done scanning /mnt/c/projects/apache/school1/src/Samvaad/serv
Class extracted: App\Samvaad\Serv\ReportDemoController
Iterating files...
Class required, exists: YES
Reflecting App\Samvaad\Serv\ReportDemoController...
Done scanning /mnt/c/projects/apache/school1/src/Samvaad/serv
Class extracted: App\Samvaad\Serv\ApiController
Class required, exists: YES
Reflecting App\Samvaad\Serv\ApiController...
Class extracted: App\Samvaad\Serv\names
Class required, exists: NO
Class extracted: App\Samvaad\Serv\AuthController
Class required, exists: YES
Reflecting App\Samvaad\Serv\AuthController...
Class extracted: App\Samvaad\Serv\BackendShowcaseController
Class required, exists: YES
Reflecting App\Samvaad\Serv\BackendShowcaseController...
Class extracted: App\Samvaad\Serv\DashboardController
Class required, exists: YES
Reflecting App\Samvaad\Serv\DashboardController...
Class extracted: App\Samvaad\Serv\HomeController
Class required, exists: YES
Reflecting App\Samvaad\Serv\HomeController...
Class extracted: App\Samvaad\Serv\ReportDemoController
Class required, exists: YES
Reflecting App\Samvaad\Serv\ReportDemoController...
Done scanning /mnt/c/projects/apache/school1/src/Samvaad/serv
Iterating files...
Class extracted: App\Lekhak\Serv\AdminController
Class required, exists: YES
Reflecting App\Lekhak\Serv\AdminController...
Class extracted: SPPMod\Lekhak\Serv\ApiController
Class required, exists: YES
Reflecting SPPMod\Lekhak\Serv\ApiController...
Class extracted: App\Lekhak\Serv\CacheController
Class required, exists: YES
Reflecting App\Lekhak\Serv\CacheController...
Class extracted: App\Lekhak\Serv\ConfigController
Class required, exists: YES
Reflecting App\Lekhak\Serv\ConfigController...
Class extracted: App\Lekhak\Serv\LandingDesignerController
Class required, exists: YES
Reflecting App\Lekhak\Serv\LandingDesignerController...
Class extracted: App\Lekhak\Serv\LandingPageController
Class required, exists: YES
Reflecting App\Lekhak\Serv\LandingPageController...
Class extracted: App\Lekhak\Serv\ModuleController
Class required, exists: YES
Reflecting App\Lekhak\Serv\ModuleController...
Class extracted: App\Lekhak\Serv\RevisionsController
Class required, exists: YES
Reflecting App\Lekhak\Serv\RevisionsController...
Class extracted: App\Lekhak\Serv\TranslationController
Class required, exists: YES
Reflecting App\Lekhak\Serv\TranslationController...
Class extracted: App\Lekhak\Serv\ViewsBuilderController
Class required, exists: YES
Reflecting App\Lekhak\Serv\ViewsBuilderController...
Done scanning /mnt/c/projects/apache/school1/src/lekhak/serv
Iterating files...
Class extracted: App\Lekhak\Serv\AdminController
Class required, exists: YES
Reflecting App\Lekhak\Serv\AdminController...
Class extracted: SPPMod\Lekhak\Serv\ApiController
Class required, exists: YES
Reflecting SPPMod\Lekhak\Serv\ApiController...
Class extracted: App\Lekhak\Serv\CacheController
Class required, exists: YES
Reflecting App\Lekhak\Serv\CacheController...
Class extracted: App\Lekhak\Serv\ConfigController
Class required, exists: YES
Reflecting App\Lekhak\Serv\ConfigController...
Class extracted: App\Lekhak\Serv\LandingDesignerController
Class required, exists: YES
Reflecting App\Lekhak\Serv\LandingDesignerController...
Class extracted: App\Lekhak\Serv\LandingPageController
Class required, exists: YES
Reflecting App\Lekhak\Serv\LandingPageController...
Class extracted: App\Lekhak\Serv\ModuleController
Class required, exists: YES
Reflecting App\Lekhak\Serv\ModuleController...
Class extracted: App\Lekhak\Serv\RevisionsController
Class required, exists: YES
Reflecting App\Lekhak\Serv\RevisionsController...
Class extracted: App\Lekhak\Serv\TranslationController
Class required, exists: YES
Reflecting App\Lekhak\Serv\TranslationController...
Class extracted: App\Lekhak\Serv\ViewsBuilderController
Class required, exists: YES
Reflecting App\Lekhak\Serv\ViewsBuilderController...
Done scanning /mnt/c/projects/apache/school1/src/Lekhak/serv
Iterating files...
Class extracted: App\Lekhak\Controllers\BlogController
Class required, exists: YES
Reflecting App\Lekhak\Controllers\BlogController...
Done scanning /mnt/c/projects/apache/school1/src/lekhak/Controllers
Iterating files...
Class extracted: App\Lekhak\Controllers\BlogController
Class required, exists: YES
Reflecting App\Lekhak\Controllers\BlogController...
Done scanning /mnt/c/projects/apache/school1/src/Lekhak/Controllers
Iterating files...
Class extracted: App\Samvaad\Serv\ApiController
Class required, exists: YES
Reflecting App\Samvaad\Serv\ApiController...
Class extracted: App\Samvaad\Serv\names
Class required, exists: NO
Class extracted: App\Samvaad\Serv\AuthController
Class required, exists: YES
Reflecting App\Samvaad\Serv\AuthController...
Class extracted: App\Samvaad\Serv\BackendShowcaseController
Class required, exists: YES
Reflecting App\Samvaad\Serv\BackendShowcaseController...
Class extracted: App\Samvaad\Serv\DashboardController
Class required, exists: YES
Reflecting App\Samvaad\Serv\DashboardController...
Class extracted: App\Samvaad\Serv\HomeController
Class required, exists: YES
Reflecting App\Samvaad\Serv\HomeController...
Class extracted: App\Samvaad\Serv\ReportDemoController
Class required, exists: YES
Reflecting App\Samvaad\Serv\ReportDemoController...
Done scanning /mnt/c/projects/apache/school1/src/Samvaad/serv
Iterating files...
Class extracted: App\Samvaad\Serv\ApiController
Class required, exists: YES
Reflecting App\Samvaad\Serv\ApiController...
Class extracted: App\Samvaad\Serv\names
Class required, exists: NO
Class extracted: App\Samvaad\Serv\AuthController
Class required, exists: YES
Reflecting App\Samvaad\Serv\AuthController...
Class extracted: App\Samvaad\Serv\BackendShowcaseController
Class required, exists: YES
Reflecting App\Samvaad\Serv\BackendShowcaseController...
Class extracted: App\Samvaad\Serv\DashboardController
Class required, exists: YES
Reflecting App\Samvaad\Serv\DashboardController...
Class extracted: App\Samvaad\Serv\HomeController
Class required, exists: YES
Reflecting App\Samvaad\Serv\HomeController...
Class extracted: App\Samvaad\Serv\ReportDemoController
Class required, exists: YES
Reflecting App\Samvaad\Serv\ReportDemoController...
Done scanning /mnt/c/projects/apache/school1/src/Samvaad/serv
