[2026-05-03 08:23:12] Action: check_auth
[2026-05-03 08:23:13] Action: list_apps
[2026-05-03 08:23:13] Action: get_profile
[2026-05-03 08:23:14] Action: get_bridge_info
[2026-05-03 08:23:14] Action: get_system_info
[2026-05-03 08:23:15] Action: list_apps
[2026-05-03 08:23:16] Action: get_global_settings
[2026-05-03 08:23:27] Action: list_apps
[2026-05-03 08:23:31] Action: list_modules
[2026-05-03 08:23:37] Action: get_system_info
[2026-05-03 08:23:37] Action: get_bridge_info
[2026-05-03 08:23:37] Action: list_apps
[2026-05-03 08:23:39] Action: get_global_settings
[2026-05-03 08:23:45] Action: list_modules
[2026-05-03 08:23:54] Action: get_system_info
[2026-05-03 08:23:54] Action: get_bridge_info
[2026-05-03 08:23:54] Action: list_apps
[2026-05-03 08:23:56] Action: get_global_settings
[2026-05-03 08:26:15] Action: check_auth
[2026-05-03 08:26:16] Action: get_profile
[2026-05-03 08:26:16] Action: list_apps
[2026-05-03 08:26:17] Action: get_bridge_info
[2026-05-03 08:26:17] Action: get_system_info
[2026-05-03 08:26:17] Action: list_apps
[2026-05-03 08:26:18] Action: get_global_settings
[2026-05-03 08:26:46] Action: list_modules
[2026-05-03 08:26:57] Action: list_apps
[2026-05-03 08:26:57] Action: get_bridge_info
[2026-05-03 08:26:57] Action: get_system_info
[2026-05-03 08:26:59] Action: get_global_settings
[2026-05-03 08:29:08] Action: check_auth
[2026-05-03 08:29:09] Action: get_profile
[2026-05-03 08:29:09] Action: list_apps
[2026-05-03 08:29:10] Action: get_system_info
[2026-05-03 08:29:10] Action: list_apps
[2026-05-03 08:29:10] Action: get_bridge_info
[2026-05-03 08:29:12] Action: get_global_settings
