{"method":"POST","uri":"\/school1\/samvaad?__spa=1&__svc=live_presence","q":"samvaad","get":{"q":"samvaad","__spa":"1","__svc":"live_presence"}}
{"method":"GET","uri":"\/school1\/samvaad?q=app","q":"app","get":{"q":"app"}}
{"method":"POST","uri":"\/school1\/samvaad?__spa=1&__svc=live_presence","q":"samvaad","get":{"q":"samvaad","__spa":"1","__svc":"live_presence"}}
{"method":"GET","uri":"\/school1\/sppasset\/core\/admin_js\/spplive.min.js","q":"sppasset\/core\/admin_js\/spplive.min.js","get":{"q":"sppasset\/core\/admin_js\/spplive.min.js"}}
{"method":"GET","uri":"\/school1\/samvaad?__spa=1&__svc=live_sse&topics=global","q":"samvaad","get":{"q":"samvaad","__spa":"1","__svc":"live_sse","topics":"global"}}
{"method":"POST","uri":"\/school1\/samvaad?action=call_service&t=1783339738676","q":"samvaad","get":{"q":"samvaad","action":"call_service","t":"1783339738676"}}
{"method":"POST","uri":"\/school1\/samvaad?__spa=1&__svc=live_presence","q":"samvaad","get":{"q":"samvaad","__spa":"1","__svc":"live_presence"}}
{"method":"POST","uri":"\/school1\/samvaad?__spa=1&__svc=live_presence","q":"samvaad","get":{"q":"samvaad","__spa":"1","__svc":"live_presence"}}
{"method":"POST","uri":"\/school1\/samvaad?__spa=1&__svc=live_presence","q":"samvaad","get":{"q":"samvaad","__spa":"1","__svc":"live_presence"}}
{"method":"POST","uri":"\/school1\/samvaad?__spa=1&__svc=live_presence","q":"samvaad","get":{"q":"samvaad","__spa":"1","__svc":"live_presence"}}
{"method":"POST","uri":"\/school1\/samvaad?__spa=1&__svc=live_presence","q":"samvaad","get":{"q":"samvaad","__spa":"1","__svc":"live_presence"}}
{"method":"POST","uri":"\/school1\/samvaad?__spa=1&__svc=live_presence","q":"samvaad","get":{"q":"samvaad","__spa":"1","__svc":"live_presence"}}
{"method":"POST","uri":"\/school1\/samvaad?__spa=1&__svc=live_presence","q":"samvaad","get":{"q":"samvaad","__spa":"1","__svc":"live_presence"}}
{"method":"POST","uri":"\/school1\/samvaad?__spa=1&__svc=live_presence","q":"samvaad","get":{"q":"samvaad","__spa":"1","__svc":"live_presence"}}
{"method":"POST","uri":"\/school1\/samvaad?__spa=1&__svc=live_presence","q":"samvaad","get":{"q":"samvaad","__spa":"1","__svc":"live_presence"}}
{"method":"POST","uri":"\/school1\/samvaad?__spa=1&__svc=live_presence","q":"samvaad","get":{"q":"samvaad","__spa":"1","__svc":"live_presence"}}
{"method":"POST","uri":"\/school1\/samvaad?__spa=1&__svc=live_presence","q":"samvaad","get":{"q":"samvaad","__spa":"1","__svc":"live_presence"}}
{"method":"POST","uri":"\/school1\/samvaad?__spa=1&__svc=live_presence","q":"samvaad","get":{"q":"samvaad","__spa":"1","__svc":"live_presence"}}
{"method":"POST","uri":"\/school1\/samvaad?__spa=1&__svc=live_presence","q":"samvaad","get":{"q":"samvaad","__spa":"1","__svc":"live_presence"}}
{"method":"GET","uri":"\/school1\/samvaad?q=app","q":"app","get":{"q":"app"}}
{"method":"POST","uri":"\/school1\/samvaad?__spa=1&__svc=live_presence","q":"samvaad","get":{"q":"samvaad","__spa":"1","__svc":"live_presence"}}
{"method":"GET","uri":"\/school1\/sppasset\/core\/admin_js\/spplive.min.js","q":"sppasset\/core\/admin_js\/spplive.min.js","get":{"q":"sppasset\/core\/admin_js\/spplive.min.js"}}
{"method":"GET","uri":"\/school1\/samvaad?__spa=1&__svc=live_sse&topics=global","q":"samvaad","get":{"q":"samvaad","__spa":"1","__svc":"live_sse","topics":"global"}}
{"method":"POST","uri":"\/school1\/samvaad?action=call_service&t=1783340192718","q":"samvaad","get":{"q":"samvaad","action":"call_service","t":"1783340192718"}}
{"method":"POST","uri":"\/school1\/samvaad?__spa=1&__svc=live_presence","q":"samvaad","get":{"q":"samvaad","__spa":"1","__svc":"live_presence"}}
{"method":"POST","uri":"\/school1\/samvaad?__spa=1&__svc=live_presence","q":"samvaad","get":{"q":"samvaad","__spa":"1","__svc":"live_presence"}}
{"method":"POST","uri":"\/school1\/samvaad?__spa=1&__svc=live_presence","q":"samvaad","get":{"q":"samvaad","__spa":"1","__svc":"live_presence"}}
{"method":"POST","uri":"\/school1\/samvaad?__spa=1&__svc=live_presence","q":"samvaad","get":{"q":"samvaad","__spa":"1","__svc":"live_presence"}}
{"method":"POST","uri":"\/school1\/samvaad?__spa=1&__svc=live_presence","q":"samvaad","get":{"q":"samvaad","__spa":"1","__svc":"live_presence"}}
{"method":"POST","uri":"\/school1\/samvaad?__spa=1&__svc=live_presence","q":"samvaad","get":{"q":"samvaad","__spa":"1","__svc":"live_presence"}}
{"method":"POST","uri":"\/school1\/samvaad?__spa=1&__svc=live_presence","q":"samvaad","get":{"q":"samvaad","__spa":"1","__svc":"live_presence"}}
{"method":"POST","uri":"\/school1\/samvaad?__spa=1&__svc=live_presence","q":"samvaad","get":{"q":"samvaad","__spa":"1","__svc":"live_presence"}}
{"method":"POST","uri":"\/school1\/samvaad?__spa=1&__svc=live_presence","q":"samvaad","get":{"q":"samvaad","__spa":"1","__svc":"live_presence"}}
{"method":"POST","uri":"\/school1\/samvaad?__spa=1&__svc=live_presence","q":"samvaad","get":{"q":"samvaad","__spa":"1","__svc":"live_presence"}}
{"method":"POST","uri":"\/school1\/samvaad?__spa=1&__svc=live_presence","q":"samvaad","get":{"q":"samvaad","__spa":"1","__svc":"live_presence"}}
{"method":"POST","uri":"\/school1\/samvaad?__spa=1&__svc=live_presence","q":"samvaad","get":{"q":"samvaad","__spa":"1","__svc":"live_presence"}}
{"method":"POST","uri":"\/school1\/samvaad?__spa=1&__svc=live_presence","q":"samvaad","get":{"q":"samvaad","__spa":"1","__svc":"live_presence"}}
{"method":"POST","uri":"\/school1\/samvaad?__spa=1&__svc=live_presence","q":"samvaad","get":{"q":"samvaad","__spa":"1","__svc":"live_presence"}}
{"method":"POST","uri":"\/school1\/samvaad?__spa=1&__svc=live_presence","q":"samvaad","get":{"q":"samvaad","__spa":"1","__svc":"live_presence"}}
{"method":"POST","uri":"\/school1\/samvaad?__spa=1&__svc=live_presence","q":"samvaad","get":{"q":"samvaad","__spa":"1","__svc":"live_presence"}}
{"method":"POST","uri":"\/school1\/samvaad?__spa=1&__svc=live_presence","q":"samvaad","get":{"q":"samvaad","__spa":"1","__svc":"live_presence"}}
{"method":"POST","uri":"\/school1\/samvaad?__spa=1&__svc=live_presence","q":"samvaad","get":{"q":"samvaad","__spa":"1","__svc":"live_presence"}}
{"method":"POST","uri":"\/school1\/samvaad?__spa=1&__svc=live_presence","q":"samvaad","get":{"q":"samvaad","__spa":"1","__svc":"live_presence"}}
{"method":"POST","uri":"\/school1\/samvaad?__spa=1&__svc=live_presence","q":"samvaad","get":{"q":"samvaad","__spa":"1","__svc":"live_presence"}}
{"method":"POST","uri":"\/school1\/samvaad?__spa=1&__svc=live_presence","q":"samvaad","get":{"q":"samvaad","__spa":"1","__svc":"live_presence"}}
{"method":"GET","uri":"\/school1\/samvaad?q=app","q":"app","get":{"q":"app"}}
{"method":"GET","uri":"\/school1\/sppasset\/core\/admin_js\/spplive.min.js","q":"sppasset\/core\/admin_js\/spplive.min.js","get":{"q":"sppasset\/core\/admin_js\/spplive.min.js"}}
{"method":"GET","uri":"\/school1\/samvaad?__spa=1&__svc=live_sse&topics=global","q":"samvaad","get":{"q":"samvaad","__spa":"1","__svc":"live_sse","topics":"global"}}
{"method":"POST","uri":"\/school1\/samvaad?action=call_service&t=1783340522671","q":"samvaad","get":{"q":"samvaad","action":"call_service","t":"1783340522671"}}
{"method":"POST","uri":"\/school1\/samvaad?__spa=1&__svc=live_update","q":"samvaad","get":{"q":"samvaad","__spa":"1","__svc":"live_update"}}
{"method":"POST","uri":"\/school1\/samvaad?__spa=1&__svc=live_update","q":"samvaad","get":{"q":"samvaad","__spa":"1","__svc":"live_update"}}
{"method":"POST","uri":"\/school1\/samvaad?__spa=1&__svc=live_update","q":"samvaad","get":{"q":"samvaad","__spa":"1","__svc":"live_update"}}
{"method":"POST","uri":"\/school1\/samvaad?__spa=1&__svc=live_presence","q":"samvaad","get":{"q":"samvaad","__spa":"1","__svc":"live_presence"}}
{"method":"POST","uri":"\/school1\/samvaad?__spa=1&__svc=live_update","q":"samvaad","get":{"q":"samvaad","__spa":"1","__svc":"live_update"}}
{"method":"POST","uri":"\/school1\/samvaad?__spa=1&__svc=live_update","q":"samvaad","get":{"q":"samvaad","__spa":"1","__svc":"live_update"}}
{"method":"POST","uri":"\/school1\/samvaad?__spa=1&__svc=live_presence","q":"samvaad","get":{"q":"samvaad","__spa":"1","__svc":"live_presence"}}
{"method":"POST","uri":"\/school1\/samvaad?__spa=1&__svc=live_update","q":"samvaad","get":{"q":"samvaad","__spa":"1","__svc":"live_update"}}
{"method":"POST","uri":"\/school1\/samvaad?__spa=1&__svc=live_presence","q":"samvaad","get":{"q":"samvaad","__spa":"1","__svc":"live_presence"}}
{"method":"POST","uri":"\/school1\/samvaad?__spa=1&__svc=live_presence","q":"samvaad","get":{"q":"samvaad","__spa":"1","__svc":"live_presence"}}
{"method":"POST","uri":"\/school1\/samvaad?__spa=1&__svc=live_presence","q":"samvaad","get":{"q":"samvaad","__spa":"1","__svc":"live_presence"}}
{"method":"POST","uri":"\/school1\/samvaad?__spa=1&__svc=live_presence","q":"samvaad","get":{"q":"samvaad","__spa":"1","__svc":"live_presence"}}
